<!DOCTYPE html>
<html lang="en">
<head>
  <meta charset="UTF-8">
  <title>Full featured page with full source from JSON</title>
</head>
<body>
  <h1>This is a headline</h1>
<p>This is a paragraph</p>

  <h2>Full featured page with full source from JSON</h2>
  <h2>Full featured page with full source from JSON</h2>
<p>This is more text with true</p>

</body>
</html>