<!DOCTYPE html>
<html lang="en">
<head>
  <meta charset="UTF-8">
  <title>Child of Grandparent</title>
</head>
<body>
  Source of generated files.
</body>
</html>