<!DOCTYPE html>
<html lang="en">
<head>
  <meta charset="UTF-8">
  <title>Ignore: nonignored page</title>
</head>
<body>
  o/
</body>
</html>