<!DOCTYPE html>
<html lang="en">
<head>
  <meta charset="UTF-8">
  <title>Non generated file</title>
</head>
<body>
  This is the index of the tree fixture.
</body>
</html>