<!DOCTYPE html>
<html lang="en">
<head>
  <meta charset="UTF-8">
  <title>A full featured generated page</title>
</head>
<body>
  <h1>This is a headline</h1>
<p>This is a paragraph</p>

  <h2>A full featured generated page</h2>
  <h2>A full featured generated page</h2>
<p>This is more text with true</p>

</body>
</html>